******************************************************************************
                  TMS470 Linker PC v4.9.5                      
******************************************************************************
>> Linked Sat Mar 23 16:30:40 2013

OUTPUT FILE NAME:   <delta_test_asserv.out>
ENTRY POINT SYMBOL: "_c_int00"  address: 00001d65


MEMORY CONFIGURATION

         name            origin    length      used     unused   attr    fill
----------------------  --------  ---------  --------  --------  ----  --------
  FLASH                 00000000   00020000  0000230c  0001dcf4  R  X
  SRAM                  20000000   00008000  00000258  00007da8  RW X


SEGMENT ALLOCATION MAP

run origin  load origin   length   init length attrs members
----------  ----------- ---------- ----------- ----- -------
00000000    00000000    00002310   00002310    r-x
  00000000    00000000    0000026c   0000026c    r-- .intvecs
  0000026c    0000026c    00001e9c   00001e9c    r-x .text
  00002108    00002108    000001ac   000001ac    r-- .const
  000022b8    000022b8    00000058   00000058    r-- .cinit
20000000    20000000    00000100   00000000    rw-
  20000000    20000000    00000100   00000000    rw- .stack
20000100    20000100    00000158   000000e4    rw-
  20000100    20000100    000000e4   000000e4    rw- .data
  200001e4    200001e4    00000074   00000000    rw- .bss


SECTION ALLOCATION MAP

 output                                  attributes/
section   page    origin      length       input sections
--------  ----  ----------  ----------   ----------------
.intvecs   0    00000000    0000026c     
                  00000000    0000026c     startup_ccs.obj (.intvecs)

.text      0    0000026c    00001e9c     
                  0000026c    00000534     control.obj (.text)
                  000007a0    000003cc     layer2p.obj (.text)
                  00000b6c    000003c4     pwm.obj (.text)
                  00000f30    000003a8     uartbt.obj (.text)
                  000012d8    0000033c     pccontrol.obj (.text)
                  00001614    000001d8     driverlib-cm4f.lib : sysctl.obj (.text:SysCtlClockGet)
                  000017ec    0000013c                        : sysctl.obj (.text:SysCtlClockSet)
                  00001928    000000c8                        : gpio.obj (.text:GPIOPadConfigSet)
                  000019f0    0000009c     rtsv7M4_T_le_v4SPD16_eabi.lib : memcpy_t2.obj (.text)
                  00001a8c    00000094     driverlib-cm4f.lib : sysctl.obj (.text:SysCtlPeripheralReset)
                  00001b20    00000094     rtsv7M4_T_le_v4SPD16_eabi.lib : auto_init.obj (.text)
                  00001bb4    00000064     driverlib-cm4f.lib : interrupt.obj (.text:IntEnable)
                  00001c18    0000005e     rtsv7M4_T_le_v4SPD16_eabi.lib : copy_decompress_rle.obj (.text)
                  00001c76    00000002     --HOLE-- [fill = 0]
                  00001c78    00000058     driverlib-cm4f.lib : sysctl.obj (.text:SysCtlPeripheralEnable)
                  00001cd0    0000004c     rtsv7M4_T_le_v4SPD16_eabi.lib : cpy_tbl.obj (.text)
                  00001d1c    00000048     driverlib-cm4f.lib : gpio.obj (.text:GPIOPinConfigure)
                  00001d64    00000048     rtsv7M4_T_le_v4SPD16_eabi.lib : boot.obj (.text)
                  00001dac    00000044     driverlib-cm4f.lib : ssi.obj (.text:SSIConfigSetExpClk)
                  00001df0    00000044     rtsv7M4_T_le_v4SPD16_eabi.lib : exit.obj (.text)
                  00001e34    00000042     driverlib-cm4f.lib : uart.obj (.text:UARTConfigSetExpClk)
                  00001e76    00000042     rtsv7M4_T_le_v4SPD16_eabi.lib : u_divt2.obj (.text)
                  00001eb8    0000002e     driverlib-cm4f.lib : gpio.obj (.text:GPIODirModeSet)
                  00001ee6    00000002     --HOLE-- [fill = 0]
                  00001ee8    00000028                        : timer.obj (.text:TimerConfigure)
                  00001f10    00000020     main.obj (.text)
                  00001f30    0000001c     driverlib-cm4f.lib : uart.obj (.text:UARTDisable)
                  00001f4c    00000018     rtsv7M4_T_le_v4SPD16_eabi.lib : _lock.obj (.text)
                  00001f64    00000018                                   : args_main.obj (.text)
                  00001f7c    00000014     driverlib-cm4f.lib : uart.obj (.text:UARTEnable)
                  00001f90    00000012                        : gpio.obj (.text:GPIOPinTypeGPIOOutput)
                  00001fa2    00000012                        : gpio.obj (.text:GPIOPinTypeSSI)
                  00001fb4    00000012                        : gpio.obj (.text:GPIOPinTypeTimer)
                  00001fc6    00000012                        : gpio.obj (.text:GPIOPinTypeUART)
                  00001fd8    00000012                        : timer.obj (.text:TimerLoadSet)
                  00001fea    00000012                        : timer.obj (.text:TimerMatchSet)
                  00001ffc    00000012                        : timer.obj (.text:TimerPrescaleMatchSet)
                  0000200e    00000012                        : timer.obj (.text:TimerPrescaleSet)
                  00002020    00000012     rtsv7M4_T_le_v4SPD16_eabi.lib : copy_zero_init.obj (.text:decompress:ZI)
                  00002032    0000000e     driverlib-cm4f.lib : timer.obj (.text:TimerEnable)
                  00002040    0000000e     rtsv7M4_T_le_v4SPD16_eabi.lib : copy_decompress_none.obj (.text:decompress:none)
                  0000204e    0000000c     driverlib-cm4f.lib : cpu.obj (.text:CPUcpsid)
                  0000205a    0000000c                        : cpu.obj (.text:CPUcpsie)
                  00002066    0000000c                        : ssi.obj (.text:SSIDataGet)
                  00002072    0000000c                        : uart.obj (.text:UARTCharsAvail)
                  0000207e    0000000c     startup_ccs.obj (.text)
                  0000208a    0000000a     driverlib-cm4f.lib : gpio.obj (.text:GPIOPinWrite)
                  00002094    0000000a                        : interrupt.obj (.text:IntMasterDisable)
                  0000209e    0000000a                        : interrupt.obj (.text:IntMasterEnable)
                  000020a8    0000000a                        : ssi.obj (.text:SSIDataPut)
                  000020b2    0000000a                        : ssi.obj (.text:SSIEnable)
                  000020bc    0000000a                        : uart.obj (.text:UARTCharGet)
                  000020c6    0000000a                        : uart.obj (.text:UARTCharPut)
                  000020d0    0000000a                        : uart.obj (.text:UARTFIFODisable)
                  000020da    0000000a                        : uart.obj (.text:UARTIntStatus)
                  000020e4    00000008                        : timer.obj (.text:TimerIntEnable)
                  000020ec    00000008                        : uart.obj (.text:UARTIntEnable)
                  000020f4    00000006                        : sysctl.obj (.text:SysCtlDelay)
                  000020fa    00000006     rtsv7M4_T_le_v4SPD16_eabi.lib : copy_decompress_rle.obj (.text:decompress:rle24)
                  00002100    00000004     driverlib-cm4f.lib : timer.obj (.text:TimerIntClear)
                  00002104    00000004                        : uart.obj (.text:UARTIntClear)

.const     0    00002108    000001ac     
                  00002108    00000078     driverlib-cm4f.lib : gpio.obj (.const:g_pulGPIOBaseAddrs)
                  00002180    00000070                        : interrupt.obj (.const)
                  000021f0    0000006c                        : sysctl.obj (.const:g_pulXtals)
                  0000225c    00000040                        : sysctl.obj (.const)
                  0000229c    00000012     uartbt.obj (.const:.string)
                  000022ae    00000002     --HOLE-- [fill = 0]
                  000022b0    00000004     uartbt.obj (.const)

.cinit     0    000022b8    00000058     
                  000022b8    00000031     (.cinit..data.load) [load image, compression = rle]
                  000022e9    00000003     --HOLE-- [fill = 0]
                  000022ec    0000000c     (__TI_handler_table)
                  000022f8    00000008     (.cinit..bss.load) [load image, compression = zero_init]
                  00002300    00000010     (__TI_cinit_table)

.stack     0    20000000    00000100     UNINITIALIZED
                  20000000    00000100     --HOLE--

.data      0    20000100    000000e4     
                  20000100    000000cc     control.obj (.data)
                  200001cc    00000008     rtsv7M4_T_le_v4SPD16_eabi.lib : _lock.obj (.data)
                  200001d4    00000008                                   : exit.obj (.data)
                  200001dc    00000004                                   : stkdepth_vars.obj (.data)
                  200001e0    00000004     uartbt.obj (.data)

.bss       0    200001e4    00000074     UNINITIALIZED
                  200001e4    00000074     pccontrol.obj (.bss:pccontrol_l2p)


LINKER GENERATED COPY TABLES

__TI_cinit_table @ 00002300 records: 2, size/record: 8, table size: 16
	.data: load addr=000022b8, load size=00000031 bytes, run addr=20000100, run size=000000e4 bytes, compression=rle
	.bss: load addr=000022f8, load size=00000008 bytes, run addr=200001e4, run size=00000074 bytes, compression=zero_init


LINKER GENERATED HANDLER TABLE

__TI_handler_table @ 000022ec records: 3, size/record: 4, table size: 12
	index: 0, handler: __TI_decompress_rle24
	index: 1, handler: __TI_decompress_none
	index: 2, handler: __TI_zero_init


GLOBAL SYMBOLS: SORTED ALPHABETICALLY BY Name 

address    name
--------   ----
00001df1   C$$EXIT
0000204f   CPUcpsid
0000205b   CPUcpsie
00001eb9   GPIODirModeSet
00001929   GPIOPadConfigSet
00001d1d   GPIOPinConfigure
00001f91   GPIOPinTypeGPIOOutput
00001fa3   GPIOPinTypeSSI
00001fb5   GPIOPinTypeTimer
00001fc7   GPIOPinTypeUART
0000208b   GPIOPinWrite
00001bb5   IntEnable
00002095   IntMasterDisable
0000209f   IntMasterEnable
200001b4   Kd
2000019c   Ki
20000184   Kp
0000207f   ResetISR
UNDEFED    SHT$$INIT_ARRAY$$Base
UNDEFED    SHT$$INIT_ARRAY$$Limit
00001dad   SSIConfigSetExpClk
00002067   SSIDataGet
000020a9   SSIDataPut
000020b3   SSIEnable
00001615   SysCtlClockGet
000017ed   SysCtlClockSet
000020f5   SysCtlDelay
00001c79   SysCtlPeripheralEnable
00001a8d   SysCtlPeripheralReset
000002ed   Timer3IntHandler
00001ee9   TimerConfigure
00002033   TimerEnable
00002101   TimerIntClear
000020e5   TimerIntEnable
00001fd9   TimerLoadSet
00001feb   TimerMatchSet
00001ffd   TimerPrescaleMatchSet
0000200f   TimerPrescaleSet
000020bd   UARTCharGet
000020c7   UARTCharPut
00002073   UARTCharsAvail
00001e35   UARTConfigSetExpClk
00001f31   UARTDisable
00001f7d   UARTEnable
000020d1   UARTFIFODisable
00002105   UARTIntClear
000020ed   UARTIntEnable
000020db   UARTIntStatus
000012d9   UARTPCControlIntHandler
00000ff5   UARTprintf
00000f93   UARTwrite
20000100   __STACK_END
00000100   __STACK_SIZE
20000100   __STACK_TOP
00002300   __TI_CINIT_Base
00002310   __TI_CINIT_Limit
000022ec   __TI_Handler_Table_Base
000022f8   __TI_Handler_Table_Limit
00000001   __TI_args_main
00001b21   __TI_auto_init
00002041   __TI_decompress_none
000020fb   __TI_decompress_rle24
00000000   __TI_static_base__
00002021   __TI_zero_init
000019f1   __aeabi_memcpy
000019f1   __aeabi_memcpy4
000019f1   __aeabi_memcpy8
00001e77   __aeabi_uidivmod
ffffffff   __binit__
ffffffff   __c_args__
20000000   __stack
00001f65   _args_main
00001d65   _c_int00
200001d4   _cleanup_ptr
200001d8   _dtors_ptr
200001cc   _lock
00001f59   _nop
00001f53   _register_lock
00001f4d   _register_unlock
200001d0   _unlock
00001df5   abort
ffffffff   binit
00000bf9   config_pwms
00000f31   configure_uart_bt
00000465   control
0000026d   control_init
00001cd1   copy_in
000007a1   crc8_step
20000148   dirs
2000014e   enabled
20000118   errs
20000154   errs_p
00001dfd   exit
000022b0   g_pcHex
00000000   g_pfnVectors
200001e0   g_ulBase
2000013c   goals
2000016c   integrals
0000086d   layer2p_ctx_init
0000089f   layer2p_receive
00000885   layer2p_reset
00000ad5   layer2p_send
00000a9f   layer2p_set_callback
00000ab1   layer2p_set_error_callback
00000ac3   layer2p_set_linksend_callback
00001f11   main
200001dc   main_func_sp
000019f1   memcpy
000015ad   pccontrol_errored
000015c5   pccontrol_init
200001e4   pccontrol_l2p
0000130f   pccontrol_linksend
00001325   pccontrol_received
20000124   pwm_pulse_widths
20000100   qeis
2000010c   qeis_p
0000036b   qeis_spi_read
000002fd   qeis_spi_reinit
00000b6d   set_pwm_width
00000f81   uart_send


GLOBAL SYMBOLS: SORTED BY Symbol Address 

address    name
--------   ----
00000000   __TI_static_base__
00000000   g_pfnVectors
00000001   __TI_args_main
00000100   __STACK_SIZE
0000026d   control_init
000002ed   Timer3IntHandler
000002fd   qeis_spi_reinit
0000036b   qeis_spi_read
00000465   control
000007a1   crc8_step
0000086d   layer2p_ctx_init
00000885   layer2p_reset
0000089f   layer2p_receive
00000a9f   layer2p_set_callback
00000ab1   layer2p_set_error_callback
00000ac3   layer2p_set_linksend_callback
00000ad5   layer2p_send
00000b6d   set_pwm_width
00000bf9   config_pwms
00000f31   configure_uart_bt
00000f81   uart_send
00000f93   UARTwrite
00000ff5   UARTprintf
000012d9   UARTPCControlIntHandler
0000130f   pccontrol_linksend
00001325   pccontrol_received
000015ad   pccontrol_errored
000015c5   pccontrol_init
00001615   SysCtlClockGet
000017ed   SysCtlClockSet
00001929   GPIOPadConfigSet
000019f1   __aeabi_memcpy
000019f1   __aeabi_memcpy4
000019f1   __aeabi_memcpy8
000019f1   memcpy
00001a8d   SysCtlPeripheralReset
00001b21   __TI_auto_init
00001bb5   IntEnable
00001c79   SysCtlPeripheralEnable
00001cd1   copy_in
00001d1d   GPIOPinConfigure
00001d65   _c_int00
00001dad   SSIConfigSetExpClk
00001df1   C$$EXIT
00001df5   abort
00001dfd   exit
00001e35   UARTConfigSetExpClk
00001e77   __aeabi_uidivmod
00001eb9   GPIODirModeSet
00001ee9   TimerConfigure
00001f11   main
00001f31   UARTDisable
00001f4d   _register_unlock
00001f53   _register_lock
00001f59   _nop
00001f65   _args_main
00001f7d   UARTEnable
00001f91   GPIOPinTypeGPIOOutput
00001fa3   GPIOPinTypeSSI
00001fb5   GPIOPinTypeTimer
00001fc7   GPIOPinTypeUART
00001fd9   TimerLoadSet
00001feb   TimerMatchSet
00001ffd   TimerPrescaleMatchSet
0000200f   TimerPrescaleSet
00002021   __TI_zero_init
00002033   TimerEnable
00002041   __TI_decompress_none
0000204f   CPUcpsid
0000205b   CPUcpsie
00002067   SSIDataGet
00002073   UARTCharsAvail
0000207f   ResetISR
0000208b   GPIOPinWrite
00002095   IntMasterDisable
0000209f   IntMasterEnable
000020a9   SSIDataPut
000020b3   SSIEnable
000020bd   UARTCharGet
000020c7   UARTCharPut
000020d1   UARTFIFODisable
000020db   UARTIntStatus
000020e5   TimerIntEnable
000020ed   UARTIntEnable
000020f5   SysCtlDelay
000020fb   __TI_decompress_rle24
00002101   TimerIntClear
00002105   UARTIntClear
000022b0   g_pcHex
000022ec   __TI_Handler_Table_Base
000022f8   __TI_Handler_Table_Limit
00002300   __TI_CINIT_Base
00002310   __TI_CINIT_Limit
20000000   __stack
20000100   __STACK_END
20000100   __STACK_TOP
20000100   qeis
2000010c   qeis_p
20000118   errs
20000124   pwm_pulse_widths
2000013c   goals
20000148   dirs
2000014e   enabled
20000154   errs_p
2000016c   integrals
20000184   Kp
2000019c   Ki
200001b4   Kd
200001cc   _lock
200001d0   _unlock
200001d4   _cleanup_ptr
200001d8   _dtors_ptr
200001dc   main_func_sp
200001e0   g_ulBase
200001e4   pccontrol_l2p
ffffffff   __binit__
ffffffff   __c_args__
ffffffff   binit
UNDEFED    SHT$$INIT_ARRAY$$Base
UNDEFED    SHT$$INIT_ARRAY$$Limit

[120 symbols]
