******************************************************************************
                  TI ARM Linker PC v5.0.1                      
******************************************************************************
>> Linked Sat Mar 23 14:38:42 2013

OUTPUT FILE NAME:   <delta_test_asserv.out>
ENTRY POINT SYMBOL: "_c_int00"  address: 00001d11


MEMORY CONFIGURATION

         name            origin    length      used     unused   attr    fill
----------------------  --------  ---------  --------  --------  ----  --------
  FLASH                 00000000   00020000  000022f4  0001dd0c  R  X
  SRAM                  20000000   00008000  00000258  00007da8  RW X


SEGMENT ALLOCATION MAP

run origin  load origin   length   init length attrs members
----------  ----------- ---------- ----------- ----- -------
00000000    00000000    000022f8   000022f8    r-x
  00000000    00000000    0000026c   0000026c    r-- .intvecs
  0000026c    0000026c    00001e84   00001e84    r-x .text
  000020f0    000020f0    000001ac   000001ac    r-- .const
  000022a0    000022a0    00000058   00000058    r-- .cinit
20000000    20000000    00000100   00000000    rw-
  20000000    20000000    00000100   00000000    rw- .stack
20000100    20000100    00000158   000000e4    rw-
  20000100    20000100    000000e4   000000e4    rw- .data
  200001e4    200001e4    00000074   00000000    rw- .bss


SECTION ALLOCATION MAP

 output                                  attributes/
section   page    origin      length       input sections
--------  ----  ----------  ----------   ----------------
.intvecs   0    00000000    0000026c     
                  00000000    0000026c     startup_ccs.obj (.intvecs)

.text      0    0000026c    00001e84     
                  0000026c    00000534     control.obj (.text)
                  000007a0    000003cc     layer2p.obj (.text)
                  00000b6c    000003c4     pwm.obj (.text)
                  00000f30    000003a0     uartbt.obj (.text)
                  000012d0    0000033c     pccontrol.obj (.text)
                  0000160c    000001d8     driverlib-cm4f.lib : sysctl.obj (.text:SysCtlClockGet)
                  000017e4    0000013c                        : sysctl.obj (.text:SysCtlClockSet)
                  00001920    000000c8                        : gpio.obj (.text:GPIOPadConfigSet)
                  000019e8    0000009c     rtsv7M4_T_le_v4SPD16_eabi.lib : memcpy_t2.obj (.text)
                  00001a84    00000094     driverlib-cm4f.lib : sysctl.obj (.text:SysCtlPeripheralReset)
                  00001b18    00000094     rtsv7M4_T_le_v4SPD16_eabi.lib : auto_init.obj (.text)
                  00001bac    00000064     driverlib-cm4f.lib : interrupt.obj (.text:IntEnable)
                  00001c10    0000005e     rtsv7M4_T_le_v4SPD16_eabi.lib : copy_decompress_rle.obj (.text)
                  00001c6e    00000002     --HOLE-- [fill = 0]
                  00001c70    00000058     driverlib-cm4f.lib : sysctl.obj (.text:SysCtlPeripheralEnable)
                  00001cc8    00000048                        : gpio.obj (.text:GPIOPinConfigure)
                  00001d10    00000048     rtsv7M4_T_le_v4SPD16_eabi.lib : boot.obj (.text)
                  00001d58    00000044     driverlib-cm4f.lib : ssi.obj (.text:SSIConfigSetExpClk)
                  00001d9c    00000044     rtsv7M4_T_le_v4SPD16_eabi.lib : cpy_tbl.obj (.text)
                  00001de0    00000042     driverlib-cm4f.lib : uart.obj (.text:UARTConfigSetExpClk)
                  00001e22    00000042     rtsv7M4_T_le_v4SPD16_eabi.lib : u_divt2.obj (.text)
                  00001e64    00000040                                   : exit.obj (.text)
                  00001ea4    0000002e     driverlib-cm4f.lib : gpio.obj (.text:GPIODirModeSet)
                  00001ed2    00000002     --HOLE-- [fill = 0]
                  00001ed4    00000028                        : timer.obj (.text:TimerConfigure)
                  00001efc    00000020     main.obj (.text)
                  00001f1c    0000001c     driverlib-cm4f.lib : uart.obj (.text:UARTDisable)
                  00001f38    00000018     rtsv7M4_T_le_v4SPD16_eabi.lib : args_main.obj (.text)
                  00001f50    00000014     driverlib-cm4f.lib : uart.obj (.text:UARTEnable)
                  00001f64    00000014     rtsv7M4_T_le_v4SPD16_eabi.lib : _lock.obj (.text)
                  00001f78    00000012     driverlib-cm4f.lib : gpio.obj (.text:GPIOPinTypeGPIOOutput)
                  00001f8a    00000012                        : gpio.obj (.text:GPIOPinTypeSSI)
                  00001f9c    00000012                        : gpio.obj (.text:GPIOPinTypeTimer)
                  00001fae    00000012                        : gpio.obj (.text:GPIOPinTypeUART)
                  00001fc0    00000012                        : timer.obj (.text:TimerLoadSet)
                  00001fd2    00000012                        : timer.obj (.text:TimerMatchSet)
                  00001fe4    00000012                        : timer.obj (.text:TimerPrescaleMatchSet)
                  00001ff6    00000012                        : timer.obj (.text:TimerPrescaleSet)
                  00002008    00000012     rtsv7M4_T_le_v4SPD16_eabi.lib : copy_zero_init.obj (.text:decompress:ZI)
                  0000201a    0000000e     driverlib-cm4f.lib : timer.obj (.text:TimerEnable)
                  00002028    0000000e     rtsv7M4_T_le_v4SPD16_eabi.lib : copy_decompress_none.obj (.text:decompress:none)
                  00002036    0000000c     driverlib-cm4f.lib : cpu.obj (.text:CPUcpsid)
                  00002042    0000000c                        : cpu.obj (.text:CPUcpsie)
                  0000204e    0000000c                        : ssi.obj (.text:SSIDataGet)
                  0000205a    0000000c                        : uart.obj (.text:UARTCharsAvail)
                  00002066    0000000c     startup_ccs.obj (.text)
                  00002072    0000000a     driverlib-cm4f.lib : gpio.obj (.text:GPIOPinWrite)
                  0000207c    0000000a                        : interrupt.obj (.text:IntMasterDisable)
                  00002086    0000000a                        : interrupt.obj (.text:IntMasterEnable)
                  00002090    0000000a                        : ssi.obj (.text:SSIDataPut)
                  0000209a    0000000a                        : ssi.obj (.text:SSIEnable)
                  000020a4    0000000a                        : uart.obj (.text:UARTCharGet)
                  000020ae    0000000a                        : uart.obj (.text:UARTCharPut)
                  000020b8    0000000a                        : uart.obj (.text:UARTFIFODisable)
                  000020c2    0000000a                        : uart.obj (.text:UARTIntStatus)
                  000020cc    00000008                        : timer.obj (.text:TimerIntEnable)
                  000020d4    00000008                        : uart.obj (.text:UARTIntEnable)
                  000020dc    00000006                        : sysctl.obj (.text:SysCtlDelay)
                  000020e2    00000006     rtsv7M4_T_le_v4SPD16_eabi.lib : copy_decompress_rle.obj (.text:decompress:rle24)
                  000020e8    00000004     driverlib-cm4f.lib : timer.obj (.text:TimerIntClear)
                  000020ec    00000004                        : uart.obj (.text:UARTIntClear)

.const     0    000020f0    000001ac     
                  000020f0    00000078     driverlib-cm4f.lib : gpio.obj (.const:g_pulGPIOBaseAddrs)
                  00002168    00000070                        : interrupt.obj (.const)
                  000021d8    0000006c                        : sysctl.obj (.const:g_pulXtals)
                  00002244    00000040                        : sysctl.obj (.const)
                  00002284    00000012     uartbt.obj (.const:.string)
                  00002296    00000002     --HOLE-- [fill = 0]
                  00002298    00000004     uartbt.obj (.const)

.cinit     0    000022a0    00000058     
                  000022a0    00000032     (.cinit..data.load) [load image, compression = rle]
                  000022d2    00000002     --HOLE-- [fill = 0]
                  000022d4    0000000c     (__TI_handler_table)
                  000022e0    00000008     (.cinit..bss.load) [load image, compression = zero_init]
                  000022e8    00000010     (__TI_cinit_table)

.stack     0    20000000    00000100     UNINITIALIZED
                  20000000    00000100     --HOLE--

.data      0    20000100    000000e4     
                  20000100    000000cc     control.obj (.data)
                  200001cc    00000008     rtsv7M4_T_le_v4SPD16_eabi.lib : _lock.obj (.data)
                  200001d4    00000008                                   : exit.obj (.data)
                  200001dc    00000004                                   : stkdepth_vars.obj (.data)
                  200001e0    00000004     uartbt.obj (.data)

.bss       0    200001e4    00000074     UNINITIALIZED
                  200001e4    00000074     pccontrol.obj (.bss:pccontrol_l2p)


LINKER GENERATED COPY TABLES

__TI_cinit_table @ 000022e8 records: 2, size/record: 8, table size: 16
	.data: load addr=000022a0, load size=00000032 bytes, run addr=20000100, run size=000000e4 bytes, compression=rle
	.bss: load addr=000022e0, load size=00000008 bytes, run addr=200001e4, run size=00000074 bytes, compression=zero_init


LINKER GENERATED HANDLER TABLE

__TI_handler_table @ 000022d4 records: 3, size/record: 4, table size: 12
	index: 0, handler: __TI_decompress_rle24
	index: 1, handler: __TI_decompress_none
	index: 2, handler: __TI_zero_init


GLOBAL SYMBOLS: SORTED ALPHABETICALLY BY Name 

address    name
--------   ----
00001e65   C$$EXIT
00002037   CPUcpsid
00002043   CPUcpsie
00001ea5   GPIODirModeSet
00001921   GPIOPadConfigSet
00001cc9   GPIOPinConfigure
00001f79   GPIOPinTypeGPIOOutput
00001f8b   GPIOPinTypeSSI
00001f9d   GPIOPinTypeTimer
00001faf   GPIOPinTypeUART
00002073   GPIOPinWrite
00001bad   IntEnable
0000207d   IntMasterDisable
00002087   IntMasterEnable
200001b4   Kd
2000019c   Ki
20000184   Kp
00002067   ResetISR
UNDEFED    SHT$$INIT_ARRAY$$Base
UNDEFED    SHT$$INIT_ARRAY$$Limit
00001d59   SSIConfigSetExpClk
0000204f   SSIDataGet
00002091   SSIDataPut
0000209b   SSIEnable
0000160d   SysCtlClockGet
000017e5   SysCtlClockSet
000020dd   SysCtlDelay
00001c71   SysCtlPeripheralEnable
00001a85   SysCtlPeripheralReset
000002ed   Timer3IntHandler
00001ed5   TimerConfigure
0000201b   TimerEnable
000020e9   TimerIntClear
000020cd   TimerIntEnable
00001fc1   TimerLoadSet
00001fd3   TimerMatchSet
00001fe5   TimerPrescaleMatchSet
00001ff7   TimerPrescaleSet
000020a5   UARTCharGet
000020af   UARTCharPut
0000205b   UARTCharsAvail
00001de1   UARTConfigSetExpClk
00001f1d   UARTDisable
00001f51   UARTEnable
000020b9   UARTFIFODisable
000020ed   UARTIntClear
000020d5   UARTIntEnable
000020c3   UARTIntStatus
000012d1   UARTPCControlIntHandler
00000fed   UARTprintf
00000f97   UARTwrite
20000100   __STACK_END
00000100   __STACK_SIZE
20000100   __STACK_TOP
000022e8   __TI_CINIT_Base
000022f8   __TI_CINIT_Limit
000022d4   __TI_Handler_Table_Base
000022e0   __TI_Handler_Table_Limit
00000001   __TI_args_main
00001b19   __TI_auto_init
00002029   __TI_decompress_none
000020e3   __TI_decompress_rle24
00000000   __TI_static_base__
00002009   __TI_zero_init
000019e9   __aeabi_memcpy
000019e9   __aeabi_memcpy4
000019e9   __aeabi_memcpy8
00001e23   __aeabi_uidivmod
ffffffff   __binit__
ffffffff   __c_args__
20000000   __stack
00001f39   _args_main
00001d11   _c_int00
200001d4   _cleanup_ptr
200001d8   _dtors_ptr
200001cc   _lock
00001f73   _nop
00001f6b   _register_lock
00001f65   _register_unlock
200001d0   _unlock
00001e69   abort
ffffffff   binit
00000bf9   config_pwms
00000f31   configure_uart_bt
00000465   control
0000026d   control_init
00001d9d   copy_in
000007a1   crc8_step
20000148   dirs
2000014e   enabled
20000118   errs
20000154   errs_p
00001e71   exit
00002298   g_pcHex
00000000   g_pfnVectors
200001e0   g_ulBase
2000013c   goals
2000016c   integrals
0000086d   layer2p_ctx_init
0000089f   layer2p_receive
00000885   layer2p_reset
00000ad5   layer2p_send
00000a9f   layer2p_set_callback
00000ab1   layer2p_set_error_callback
00000ac3   layer2p_set_linksend_callback
00001efd   main
200001dc   main_func_sp
000019e9   memcpy
000015a5   pccontrol_errored
000015bd   pccontrol_init
200001e4   pccontrol_l2p
00001307   pccontrol_linksend
0000131d   pccontrol_received
20000124   pwm_pulse_widths
20000100   qeis
2000010c   qeis_p
0000036b   qeis_spi_read
000002fd   qeis_spi_reinit
00000b6d   set_pwm_width
00000f85   uart_send


GLOBAL SYMBOLS: SORTED BY Symbol Address 

address    name
--------   ----
00000000   __TI_static_base__
00000000   g_pfnVectors
00000001   __TI_args_main
00000100   __STACK_SIZE
0000026d   control_init
000002ed   Timer3IntHandler
000002fd   qeis_spi_reinit
0000036b   qeis_spi_read
00000465   control
000007a1   crc8_step
0000086d   layer2p_ctx_init
00000885   layer2p_reset
0000089f   layer2p_receive
00000a9f   layer2p_set_callback
00000ab1   layer2p_set_error_callback
00000ac3   layer2p_set_linksend_callback
00000ad5   layer2p_send
00000b6d   set_pwm_width
00000bf9   config_pwms
00000f31   configure_uart_bt
00000f85   uart_send
00000f97   UARTwrite
00000fed   UARTprintf
000012d1   UARTPCControlIntHandler
00001307   pccontrol_linksend
0000131d   pccontrol_received
000015a5   pccontrol_errored
000015bd   pccontrol_init
0000160d   SysCtlClockGet
000017e5   SysCtlClockSet
00001921   GPIOPadConfigSet
000019e9   __aeabi_memcpy
000019e9   __aeabi_memcpy4
000019e9   __aeabi_memcpy8
000019e9   memcpy
00001a85   SysCtlPeripheralReset
00001b19   __TI_auto_init
00001bad   IntEnable
00001c71   SysCtlPeripheralEnable
00001cc9   GPIOPinConfigure
00001d11   _c_int00
00001d59   SSIConfigSetExpClk
00001d9d   copy_in
00001de1   UARTConfigSetExpClk
00001e23   __aeabi_uidivmod
00001e65   C$$EXIT
00001e69   abort
00001e71   exit
00001ea5   GPIODirModeSet
00001ed5   TimerConfigure
00001efd   main
00001f1d   UARTDisable
00001f39   _args_main
00001f51   UARTEnable
00001f65   _register_unlock
00001f6b   _register_lock
00001f73   _nop
00001f79   GPIOPinTypeGPIOOutput
00001f8b   GPIOPinTypeSSI
00001f9d   GPIOPinTypeTimer
00001faf   GPIOPinTypeUART
00001fc1   TimerLoadSet
00001fd3   TimerMatchSet
00001fe5   TimerPrescaleMatchSet
00001ff7   TimerPrescaleSet
00002009   __TI_zero_init
0000201b   TimerEnable
00002029   __TI_decompress_none
00002037   CPUcpsid
00002043   CPUcpsie
0000204f   SSIDataGet
0000205b   UARTCharsAvail
00002067   ResetISR
00002073   GPIOPinWrite
0000207d   IntMasterDisable
00002087   IntMasterEnable
00002091   SSIDataPut
0000209b   SSIEnable
000020a5   UARTCharGet
000020af   UARTCharPut
000020b9   UARTFIFODisable
000020c3   UARTIntStatus
000020cd   TimerIntEnable
000020d5   UARTIntEnable
000020dd   SysCtlDelay
000020e3   __TI_decompress_rle24
000020e9   TimerIntClear
000020ed   UARTIntClear
00002298   g_pcHex
000022d4   __TI_Handler_Table_Base
000022e0   __TI_Handler_Table_Limit
000022e8   __TI_CINIT_Base
000022f8   __TI_CINIT_Limit
20000000   __stack
20000100   __STACK_END
20000100   __STACK_TOP
20000100   qeis
2000010c   qeis_p
20000118   errs
20000124   pwm_pulse_widths
2000013c   goals
20000148   dirs
2000014e   enabled
20000154   errs_p
2000016c   integrals
20000184   Kp
2000019c   Ki
200001b4   Kd
200001cc   _lock
200001d0   _unlock
200001d4   _cleanup_ptr
200001d8   _dtors_ptr
200001dc   main_func_sp
200001e0   g_ulBase
200001e4   pccontrol_l2p
ffffffff   __binit__
ffffffff   __c_args__
ffffffff   binit
UNDEFED    SHT$$INIT_ARRAY$$Base
UNDEFED    SHT$$INIT_ARRAY$$Limit

[120 symbols]
