******************************************************************************
                  TMS470 Linker PC v4.9.5                      
******************************************************************************
>> Linked Sat Mar 09 18:59:17 2013

OUTPUT FILE NAME:   <delta_qei_interface.out>
ENTRY POINT SYMBOL: "_c_int00"  address: 00001135


MEMORY CONFIGURATION

         name            origin    length      used     unused   attr    fill
----------------------  --------  ---------  --------  --------  ----  --------
  FLASH                 00000000   00020000  00001586  0001ea7a  R  X
  SRAM                  20000000   00008000  00000148  00007eb8  RW X


SEGMENT ALLOCATION MAP

run origin  load origin   length   init length attrs members
----------  ----------- ---------- ----------- ----- -------
00000000    00000000    00001588   00001588    r-x
  00000000    00000000    0000026c   0000026c    r-- .intvecs
  0000026c    0000026c    00001146   00001146    r-x .text
  000013b4    000013b4    00000194   00000194    r-- .const
  00001548    00001548    00000040   00000040    r-- .cinit
20000000    20000000    00000124   00000000    rw-
  20000000    20000000    00000100   00000000    rw- .stack
  20000100    20000100    00000024   00000000    rw- .bss
20000124    20000124    00000024   00000024    rw-
  20000124    20000124    00000024   00000024    rw- .data


SECTION ALLOCATION MAP

 output                                  attributes/
section   page    origin      length       input sections
--------  ----  ----------  ----------   ----------------
.intvecs   0    00000000    0000026c     
                  00000000    0000026c     startup_ccs.obj (.intvecs)

.text      0    0000026c    00001146     
                  0000026c    00000778     main.obj (.text)
                  000009e4    000001d8     driverlib-cm4f.lib : sysctl.obj (.text:SysCtlClockGet)
                  00000bbc    0000013c                        : sysctl.obj (.text:SysCtlClockSet)
                  00000cf8    000000c8                        : gpio.obj (.text:GPIOPadConfigSet)
                  00000dc0    0000009c     rtsv7M4_T_le_v4SPD16_eabi.lib : memcpy_t2.obj (.text)
                  00000e5c    00000094     driverlib-cm4f.lib : sysctl.obj (.text:SysCtlPeripheralReset)
                  00000ef0    00000094     rtsv7M4_T_le_v4SPD16_eabi.lib : auto_init.obj (.text)
                  00000f84    00000064     driverlib-cm4f.lib : interrupt.obj (.text:IntEnable)
                  00000fe8    0000005e     rtsv7M4_T_le_v4SPD16_eabi.lib : copy_decompress_rle.obj (.text)
                  00001046    00000002     --HOLE-- [fill = 0]
                  00001048    00000058     driverlib-cm4f.lib : sysctl.obj (.text:SysCtlPeripheralEnable)
                  000010a0    0000004c     rtsv7M4_T_le_v4SPD16_eabi.lib : cpy_tbl.obj (.text)
                  000010ec    00000048     driverlib-cm4f.lib : gpio.obj (.text:GPIOPinConfigure)
                  00001134    00000048     rtsv7M4_T_le_v4SPD16_eabi.lib : boot.obj (.text)
                  0000117c    00000044     driverlib-cm4f.lib : ssi.obj (.text:SSIConfigSetExpClk)
                  000011c0    00000044     rtsv7M4_T_le_v4SPD16_eabi.lib : exit.obj (.text)
                  00001204    0000002e     driverlib-cm4f.lib : gpio.obj (.text:GPIODirModeSet)
                  00001232    00000002     --HOLE-- [fill = 0]
                  00001234    00000028                        : timer.obj (.text:TimerConfigure)
                  0000125c    00000018     rtsv7M4_T_le_v4SPD16_eabi.lib : _lock.obj (.text)
                  00001274    00000018                                   : args_main.obj (.text)
                  0000128c    00000012     driverlib-cm4f.lib : gpio.obj (.text:GPIOPinTypeGPIOOutput)
                  0000129e    00000012                        : gpio.obj (.text:GPIOPinTypeSSI)
                  000012b0    00000012                        : gpio.obj (.text:GPIOPinTypeTimer)
                  000012c2    00000012                        : timer.obj (.text:TimerLoadSet)
                  000012d4    00000012                        : timer.obj (.text:TimerMatchSet)
                  000012e6    00000012                        : timer.obj (.text:TimerPrescaleMatchSet)
                  000012f8    00000012                        : timer.obj (.text:TimerPrescaleSet)
                  0000130a    00000012     rtsv7M4_T_le_v4SPD16_eabi.lib : copy_zero_init.obj (.text:decompress:ZI)
                  0000131c    0000000e     driverlib-cm4f.lib : timer.obj (.text:TimerEnable)
                  0000132a    0000000e     rtsv7M4_T_le_v4SPD16_eabi.lib : copy_decompress_none.obj (.text:decompress:none)
                  00001338    0000000c     driverlib-cm4f.lib : cpu.obj (.text:CPUcpsid)
                  00001344    0000000c                        : cpu.obj (.text:CPUcpsie)
                  00001350    0000000c                        : ssi.obj (.text:SSIDataGet)
                  0000135c    0000000c     startup_ccs.obj (.text)
                  00001368    0000000a     driverlib-cm4f.lib : gpio.obj (.text:GPIOPinWrite)
                  00001372    0000000a                        : interrupt.obj (.text:IntMasterDisable)
                  0000137c    0000000a                        : interrupt.obj (.text:IntMasterEnable)
                  00001386    0000000a                        : ssi.obj (.text:SSIDataPut)
                  00001390    0000000a                        : ssi.obj (.text:SSIEnable)
                  0000139a    00000008                        : timer.obj (.text:TimerIntEnable)
                  000013a2    00000006                        : sysctl.obj (.text:SysCtlDelay)
                  000013a8    00000006     rtsv7M4_T_le_v4SPD16_eabi.lib : copy_decompress_rle.obj (.text:decompress:rle24)
                  000013ae    00000004     driverlib-cm4f.lib : timer.obj (.text:TimerIntClear)

.const     0    000013b4    00000194     
                  000013b4    00000078     driverlib-cm4f.lib : gpio.obj (.const:g_pulGPIOBaseAddrs)
                  0000142c    00000070                        : interrupt.obj (.const)
                  0000149c    0000006c                        : sysctl.obj (.const:g_pulXtals)
                  00001508    00000040                        : sysctl.obj (.const)

.cinit     0    00001548    00000040     
                  00001548    0000001c     (.cinit..data.load) [load image, compression = rle]
                  00001564    0000000c     (__TI_handler_table)
                  00001570    00000008     (.cinit..bss.load) [load image, compression = zero_init]
                  00001578    00000010     (__TI_cinit_table)

.stack     0    20000000    00000100     UNINITIALIZED
                  20000000    00000100     --HOLE--

.bss       0    20000100    00000024     UNINITIALIZED
                  20000100    00000024     main.obj (.bss)

.data      0    20000124    00000024     
                  20000124    00000010     main.obj (.data)
                  20000134    00000008     rtsv7M4_T_le_v4SPD16_eabi.lib : _lock.obj (.data)
                  2000013c    00000008                                   : exit.obj (.data)
                  20000144    00000004                                   : stkdepth_vars.obj (.data)


LINKER GENERATED COPY TABLES

__TI_cinit_table @ 00001578 records: 2, size/record: 8, table size: 16
	.data: load addr=00001548, load size=0000001c bytes, run addr=20000124, run size=00000024 bytes, compression=rle
	.bss: load addr=00001570, load size=00000008 bytes, run addr=20000100, run size=00000024 bytes, compression=zero_init


LINKER GENERATED HANDLER TABLE

__TI_handler_table @ 00001564 records: 3, size/record: 4, table size: 12
	index: 0, handler: __TI_decompress_rle24
	index: 1, handler: __TI_decompress_none
	index: 2, handler: __TI_zero_init


GLOBAL SYMBOLS: SORTED ALPHABETICALLY BY Name 

address    name
--------   ----
000011c1   C$$EXIT
00001339   CPUcpsid
00001345   CPUcpsie
00001205   GPIODirModeSet
00000cf9   GPIOPadConfigSet
000010ed   GPIOPinConfigure
0000128d   GPIOPinTypeGPIOOutput
0000129f   GPIOPinTypeSSI
000012b1   GPIOPinTypeTimer
00001369   GPIOPinWrite
00000f85   IntEnable
00001373   IntMasterDisable
0000137d   IntMasterEnable
0000135d   ResetISR
UNDEFED    SHT$$INIT_ARRAY$$Base
UNDEFED    SHT$$INIT_ARRAY$$Limit
0000117d   SSIConfigSetExpClk
00001351   SSIDataGet
00001387   SSIDataPut
00001391   SSIEnable
000009e5   SysCtlClockGet
00000bbd   SysCtlClockSet
000013a3   SysCtlDelay
00001049   SysCtlPeripheralEnable
00000e5d   SysCtlPeripheralReset
00000795   Timer0IntHandler
00001235   TimerConfigure
0000131d   TimerEnable
000013af   TimerIntClear
0000139b   TimerIntEnable
000012c3   TimerLoadSet
000012d5   TimerMatchSet
000012e7   TimerPrescaleMatchSet
000012f9   TimerPrescaleSet
20000100   __STACK_END
00000100   __STACK_SIZE
20000100   __STACK_TOP
00001578   __TI_CINIT_Base
00001588   __TI_CINIT_Limit
00001564   __TI_Handler_Table_Base
00001570   __TI_Handler_Table_Limit
00000001   __TI_args_main
00000ef1   __TI_auto_init
0000132b   __TI_decompress_none
000013a9   __TI_decompress_rle24
00000000   __TI_static_base__
0000130b   __TI_zero_init
00000dc1   __aeabi_memcpy
00000dc1   __aeabi_memcpy4
00000dc1   __aeabi_memcpy8
ffffffff   __binit__
ffffffff   __c_args__
20000000   __stack
00001275   _args_main
00001135   _c_int00
2000013c   _cleanup_ptr
20000140   _dtors_ptr
20000134   _lock
00001269   _nop
00001263   _register_lock
0000125d   _register_unlock
20000138   _unlock
000011c5   abort
ffffffff   binit
0000026d   config_timer_for_pwm
000010a1   copy_in
2000012a   dir
20000130   enableq
2000012c   err_p
20000118   errs
000011cd   exit
00000000   g_pfnVectors
20000128   goal
2000012b   lol
000007f9   main
20000144   main_func_sp
00000dc1   memcpy
20000124   pwm_pulse_width
20000100   qeis
2000010c   qeis_p
000005ad   set_pwm
00000729   spi_reset_init


GLOBAL SYMBOLS: SORTED BY Symbol Address 

address    name
--------   ----
00000000   __TI_static_base__
00000000   g_pfnVectors
00000001   __TI_args_main
00000100   __STACK_SIZE
0000026d   config_timer_for_pwm
000005ad   set_pwm
00000729   spi_reset_init
00000795   Timer0IntHandler
000007f9   main
000009e5   SysCtlClockGet
00000bbd   SysCtlClockSet
00000cf9   GPIOPadConfigSet
00000dc1   __aeabi_memcpy
00000dc1   __aeabi_memcpy4
00000dc1   __aeabi_memcpy8
00000dc1   memcpy
00000e5d   SysCtlPeripheralReset
00000ef1   __TI_auto_init
00000f85   IntEnable
00001049   SysCtlPeripheralEnable
000010a1   copy_in
000010ed   GPIOPinConfigure
00001135   _c_int00
0000117d   SSIConfigSetExpClk
000011c1   C$$EXIT
000011c5   abort
000011cd   exit
00001205   GPIODirModeSet
00001235   TimerConfigure
0000125d   _register_unlock
00001263   _register_lock
00001269   _nop
00001275   _args_main
0000128d   GPIOPinTypeGPIOOutput
0000129f   GPIOPinTypeSSI
000012b1   GPIOPinTypeTimer
000012c3   TimerLoadSet
000012d5   TimerMatchSet
000012e7   TimerPrescaleMatchSet
000012f9   TimerPrescaleSet
0000130b   __TI_zero_init
0000131d   TimerEnable
0000132b   __TI_decompress_none
00001339   CPUcpsid
00001345   CPUcpsie
00001351   SSIDataGet
0000135d   ResetISR
00001369   GPIOPinWrite
00001373   IntMasterDisable
0000137d   IntMasterEnable
00001387   SSIDataPut
00001391   SSIEnable
0000139b   TimerIntEnable
000013a3   SysCtlDelay
000013a9   __TI_decompress_rle24
000013af   TimerIntClear
00001564   __TI_Handler_Table_Base
00001570   __TI_Handler_Table_Limit
00001578   __TI_CINIT_Base
00001588   __TI_CINIT_Limit
20000000   __stack
20000100   __STACK_END
20000100   __STACK_TOP
20000100   qeis
2000010c   qeis_p
20000118   errs
20000124   pwm_pulse_width
20000128   goal
2000012a   dir
2000012b   lol
2000012c   err_p
20000130   enableq
20000134   _lock
20000138   _unlock
2000013c   _cleanup_ptr
20000140   _dtors_ptr
20000144   main_func_sp
ffffffff   __binit__
ffffffff   __c_args__
ffffffff   binit
UNDEFED    SHT$$INIT_ARRAY$$Base
UNDEFED    SHT$$INIT_ARRAY$$Limit

[82 symbols]
