******************************************************************************
                  TI ARM Linker PC v5.0.1                      
******************************************************************************
>> Linked Thu Mar 21 16:01:50 2013

OUTPUT FILE NAME:   <delta_test_asserv.out>
ENTRY POINT SYMBOL: "_c_int00"  address: 00001c3d


MEMORY CONFIGURATION

         name            origin    length      used     unused   attr    fill
----------------------  --------  ---------  --------  --------  ----  --------
  FLASH                 00000000   00020000  000021f6  0001de0a  R  X
  SRAM                  20000000   00008000  00000218  00007de8  RW X


SEGMENT ALLOCATION MAP

run origin  load origin   length   init length attrs members
----------  ----------- ---------- ----------- ----- -------
00000000    00000000    000021f8   000021f8    r-x
  00000000    00000000    0000026c   0000026c    r-- .intvecs
  0000026c    0000026c    00001d86   00001d86    r-x .text
  00001ff4    00001ff4    000001ac   000001ac    r-- .const
  000021a0    000021a0    00000058   00000058    r-- .cinit
20000000    20000000    00000100   00000000    rw-
  20000000    20000000    00000100   00000000    rw- .stack
20000100    20000100    00000118   000000e4    rw-
  20000100    20000100    000000e4   000000e4    rw- .data
  200001e4    200001e4    00000034   00000000    rw- .bss


SECTION ALLOCATION MAP

 output                                  attributes/
section   page    origin      length       input sections
--------  ----  ----------  ----------   ----------------
.intvecs   0    00000000    0000026c     
                  00000000    0000026c     startup_ccs.obj (.intvecs)

.text      0    0000026c    00001d86     
                  0000026c    00000534     control.obj (.text)
                  000007a0    000003cc     layer2p.obj (.text)
                  00000b6c    000003c4     pwm.obj (.text)
                  00000f30    000003a4     uartbt.obj (.text)
                  000012d4    000001d8     driverlib-cm4f.lib : sysctl.obj (.text:SysCtlClockGet)
                  000014ac    000001ac     pccontrol.obj (.text)
                  00001658    0000013c     driverlib-cm4f.lib : sysctl.obj (.text:SysCtlClockSet)
                  00001794    000000c8                        : gpio.obj (.text:GPIOPadConfigSet)
                  0000185c    000000b8     main.obj (.text)
                  00001914    0000009c     rtsv7M4_T_le_v4SPD16_eabi.lib : memcpy_t2.obj (.text)
                  000019b0    00000094     driverlib-cm4f.lib : sysctl.obj (.text:SysCtlPeripheralReset)
                  00001a44    00000094     rtsv7M4_T_le_v4SPD16_eabi.lib : auto_init.obj (.text)
                  00001ad8    00000064     driverlib-cm4f.lib : interrupt.obj (.text:IntEnable)
                  00001b3c    0000005e     rtsv7M4_T_le_v4SPD16_eabi.lib : copy_decompress_rle.obj (.text)
                  00001b9a    00000002     --HOLE-- [fill = 0]
                  00001b9c    00000058     driverlib-cm4f.lib : sysctl.obj (.text:SysCtlPeripheralEnable)
                  00001bf4    00000048                        : gpio.obj (.text:GPIOPinConfigure)
                  00001c3c    00000048     rtsv7M4_T_le_v4SPD16_eabi.lib : boot.obj (.text)
                  00001c84    00000044     driverlib-cm4f.lib : ssi.obj (.text:SSIConfigSetExpClk)
                  00001cc8    00000044     rtsv7M4_T_le_v4SPD16_eabi.lib : cpy_tbl.obj (.text)
                  00001d0c    00000042     driverlib-cm4f.lib : uart.obj (.text:UARTConfigSetExpClk)
                  00001d4e    00000042     rtsv7M4_T_le_v4SPD16_eabi.lib : u_divt2.obj (.text)
                  00001d90    00000040                                   : exit.obj (.text)
                  00001dd0    0000002e     driverlib-cm4f.lib : gpio.obj (.text:GPIODirModeSet)
                  00001dfe    00000002     --HOLE-- [fill = 0]
                  00001e00    00000028                        : timer.obj (.text:TimerConfigure)
                  00001e28    0000001c                        : uart.obj (.text:UARTDisable)
                  00001e44    00000018     rtsv7M4_T_le_v4SPD16_eabi.lib : args_main.obj (.text)
                  00001e5c    00000014     driverlib-cm4f.lib : uart.obj (.text:UARTEnable)
                  00001e70    00000014     rtsv7M4_T_le_v4SPD16_eabi.lib : _lock.obj (.text)
                  00001e84    00000012     driverlib-cm4f.lib : gpio.obj (.text:GPIOPinTypeGPIOOutput)
                  00001e96    00000012                        : gpio.obj (.text:GPIOPinTypeSSI)
                  00001ea8    00000012                        : gpio.obj (.text:GPIOPinTypeTimer)
                  00001eba    00000012                        : gpio.obj (.text:GPIOPinTypeUART)
                  00001ecc    00000012                        : timer.obj (.text:TimerLoadSet)
                  00001ede    00000012                        : timer.obj (.text:TimerMatchSet)
                  00001ef0    00000012                        : timer.obj (.text:TimerPrescaleMatchSet)
                  00001f02    00000012                        : timer.obj (.text:TimerPrescaleSet)
                  00001f14    00000012     rtsv7M4_T_le_v4SPD16_eabi.lib : copy_zero_init.obj (.text:decompress:ZI)
                  00001f26    0000000e     driverlib-cm4f.lib : timer.obj (.text:TimerEnable)
                  00001f34    0000000e     rtsv7M4_T_le_v4SPD16_eabi.lib : copy_decompress_none.obj (.text:decompress:none)
                  00001f42    0000000c     driverlib-cm4f.lib : cpu.obj (.text:CPUcpsid)
                  00001f4e    0000000c                        : cpu.obj (.text:CPUcpsie)
                  00001f5a    0000000c                        : ssi.obj (.text:SSIDataGet)
                  00001f66    0000000c                        : uart.obj (.text:UARTCharsAvail)
                  00001f72    0000000c     startup_ccs.obj (.text)
                  00001f7e    0000000a     driverlib-cm4f.lib : gpio.obj (.text:GPIOPinWrite)
                  00001f88    0000000a                        : interrupt.obj (.text:IntMasterDisable)
                  00001f92    0000000a                        : interrupt.obj (.text:IntMasterEnable)
                  00001f9c    0000000a                        : ssi.obj (.text:SSIDataPut)
                  00001fa6    0000000a                        : ssi.obj (.text:SSIEnable)
                  00001fb0    0000000a                        : uart.obj (.text:UARTCharGet)
                  00001fba    0000000a                        : uart.obj (.text:UARTCharPut)
                  00001fc4    0000000a                        : uart.obj (.text:UARTIntStatus)
                  00001fce    00000008                        : timer.obj (.text:TimerIntEnable)
                  00001fd6    00000008                        : uart.obj (.text:UARTIntEnable)
                  00001fde    00000006                        : sysctl.obj (.text:SysCtlDelay)
                  00001fe4    00000006     rtsv7M4_T_le_v4SPD16_eabi.lib : copy_decompress_rle.obj (.text:decompress:rle24)
                  00001fea    00000004     driverlib-cm4f.lib : timer.obj (.text:TimerIntClear)
                  00001fee    00000004                        : uart.obj (.text:UARTIntClear)

.const     0    00001ff4    000001ac     
                  00001ff4    00000078     driverlib-cm4f.lib : gpio.obj (.const:g_pulGPIOBaseAddrs)
                  0000206c    00000070                        : interrupt.obj (.const)
                  000020dc    0000006c                        : sysctl.obj (.const:g_pulXtals)
                  00002148    00000040                        : sysctl.obj (.const)
                  00002188    00000012     uartbt.obj (.const:.string)
                  0000219a    00000002     --HOLE-- [fill = 0]
                  0000219c    00000004     uartbt.obj (.const)

.cinit     0    000021a0    00000058     
                  000021a0    00000031     (.cinit..data.load) [load image, compression = rle]
                  000021d1    00000003     --HOLE-- [fill = 0]
                  000021d4    0000000c     (__TI_handler_table)
                  000021e0    00000008     (.cinit..bss.load) [load image, compression = zero_init]
                  000021e8    00000010     (__TI_cinit_table)

.stack     0    20000000    00000100     UNINITIALIZED
                  20000000    00000100     --HOLE--

.data      0    20000100    000000e4     
                  20000100    000000cc     control.obj (.data)
                  200001cc    00000008     rtsv7M4_T_le_v4SPD16_eabi.lib : _lock.obj (.data)
                  200001d4    00000008                                   : exit.obj (.data)
                  200001dc    00000004                                   : stkdepth_vars.obj (.data)
                  200001e0    00000004     uartbt.obj (.data)

.bss       0    200001e4    00000034     UNINITIALIZED
                  200001e4    00000034     pccontrol.obj (.bss:pccontrol_l2p)


LINKER GENERATED COPY TABLES

__TI_cinit_table @ 000021e8 records: 2, size/record: 8, table size: 16
	.data: load addr=000021a0, load size=00000031 bytes, run addr=20000100, run size=000000e4 bytes, compression=rle
	.bss: load addr=000021e0, load size=00000008 bytes, run addr=200001e4, run size=00000034 bytes, compression=zero_init


LINKER GENERATED HANDLER TABLE

__TI_handler_table @ 000021d4 records: 3, size/record: 4, table size: 12
	index: 0, handler: __TI_decompress_rle24
	index: 1, handler: __TI_decompress_none
	index: 2, handler: __TI_zero_init


GLOBAL SYMBOLS: SORTED ALPHABETICALLY BY Name 

address    name
--------   ----
00001d91   C$$EXIT
00001f43   CPUcpsid
00001f4f   CPUcpsie
00001dd1   GPIODirModeSet
00001795   GPIOPadConfigSet
00001bf5   GPIOPinConfigure
00001e85   GPIOPinTypeGPIOOutput
00001e97   GPIOPinTypeSSI
00001ea9   GPIOPinTypeTimer
00001ebb   GPIOPinTypeUART
00001f7f   GPIOPinWrite
00001ad9   IntEnable
00001f89   IntMasterDisable
00001f93   IntMasterEnable
200001b4   Kd
2000019c   Ki
20000184   Kp
00001f73   ResetISR
UNDEFED    SHT$$INIT_ARRAY$$Base
UNDEFED    SHT$$INIT_ARRAY$$Limit
00001c85   SSIConfigSetExpClk
00001f5b   SSIDataGet
00001f9d   SSIDataPut
00001fa7   SSIEnable
000012d5   SysCtlClockGet
00001659   SysCtlClockSet
00001fdf   SysCtlDelay
00001b9d   SysCtlPeripheralEnable
000019b1   SysCtlPeripheralReset
000002ed   Timer3IntHandler
00001e01   TimerConfigure
00001f27   TimerEnable
00001feb   TimerIntClear
00001fcf   TimerIntEnable
00001ecd   TimerLoadSet
00001edf   TimerMatchSet
00001ef1   TimerPrescaleMatchSet
00001f03   TimerPrescaleSet
000014ad   UART5IntHandler
00001fb1   UARTCharGet
00001fbb   UARTCharPut
00001f67   UARTCharsAvail
00001d0d   UARTConfigSetExpClk
00001e29   UARTDisable
00001e5d   UARTEnable
00001fef   UARTIntClear
00001fd7   UARTIntEnable
00001fc5   UARTIntStatus
00000ff1   UARTprintf
00000f8d   UARTwrite
20000100   __STACK_END
00000100   __STACK_SIZE
20000100   __STACK_TOP
000021e8   __TI_CINIT_Base
000021f8   __TI_CINIT_Limit
000021d4   __TI_Handler_Table_Base
000021e0   __TI_Handler_Table_Limit
00000001   __TI_args_main
00001a45   __TI_auto_init
00001f35   __TI_decompress_none
00001fe5   __TI_decompress_rle24
00000000   __TI_static_base__
00001f15   __TI_zero_init
00001915   __aeabi_memcpy
00001915   __aeabi_memcpy4
00001915   __aeabi_memcpy8
00001d4f   __aeabi_uidivmod
ffffffff   __binit__
ffffffff   __c_args__
20000000   __stack
00001e45   _args_main
00001c3d   _c_int00
200001d4   _cleanup_ptr
200001d8   _dtors_ptr
200001cc   _lock
00001e7f   _nop
00001e77   _register_lock
00001e71   _register_unlock
200001d0   _unlock
00001d95   abort
ffffffff   binit
00000bf9   config_pwms
00000f31   configure_uart_bt
00000465   control
0000026d   control_init
00001cc9   copy_in
000007a1   crc8_step
20000148   dirs
2000014e   enabled
20000118   errs
20000154   errs_p
00001d9d   exit
0000219c   g_pcHex
00000000   g_pfnVectors
200001e0   g_ulBase
2000013c   goals
2000016c   integrals
0000086d   layer2p_ctx_init
0000089f   layer2p_receive
00000885   layer2p_reset
00000ad5   layer2p_send
00000a9f   layer2p_set_callback
00000ab1   layer2p_set_error_callback
00000ac3   layer2p_set_linksend_callback
0000185d   main
200001dc   main_func_sp
00001915   memcpy
0000160b   pccontrol_errored
0000160d   pccontrol_init
200001e4   pccontrol_l2p
000014dd   pccontrol_linksend
000014f3   pccontrol_received
20000124   pwm_pulse_widths
20000100   qeis
2000010c   qeis_p
0000036b   qeis_spi_read
000002fd   qeis_spi_reinit
00000b6d   set_pwm_width
00000f7b   uart_send


GLOBAL SYMBOLS: SORTED BY Symbol Address 

address    name
--------   ----
00000000   __TI_static_base__
00000000   g_pfnVectors
00000001   __TI_args_main
00000100   __STACK_SIZE
0000026d   control_init
000002ed   Timer3IntHandler
000002fd   qeis_spi_reinit
0000036b   qeis_spi_read
00000465   control
000007a1   crc8_step
0000086d   layer2p_ctx_init
00000885   layer2p_reset
0000089f   layer2p_receive
00000a9f   layer2p_set_callback
00000ab1   layer2p_set_error_callback
00000ac3   layer2p_set_linksend_callback
00000ad5   layer2p_send
00000b6d   set_pwm_width
00000bf9   config_pwms
00000f31   configure_uart_bt
00000f7b   uart_send
00000f8d   UARTwrite
00000ff1   UARTprintf
000012d5   SysCtlClockGet
000014ad   UART5IntHandler
000014dd   pccontrol_linksend
000014f3   pccontrol_received
0000160b   pccontrol_errored
0000160d   pccontrol_init
00001659   SysCtlClockSet
00001795   GPIOPadConfigSet
0000185d   main
00001915   __aeabi_memcpy
00001915   __aeabi_memcpy4
00001915   __aeabi_memcpy8
00001915   memcpy
000019b1   SysCtlPeripheralReset
00001a45   __TI_auto_init
00001ad9   IntEnable
00001b9d   SysCtlPeripheralEnable
00001bf5   GPIOPinConfigure
00001c3d   _c_int00
00001c85   SSIConfigSetExpClk
00001cc9   copy_in
00001d0d   UARTConfigSetExpClk
00001d4f   __aeabi_uidivmod
00001d91   C$$EXIT
00001d95   abort
00001d9d   exit
00001dd1   GPIODirModeSet
00001e01   TimerConfigure
00001e29   UARTDisable
00001e45   _args_main
00001e5d   UARTEnable
00001e71   _register_unlock
00001e77   _register_lock
00001e7f   _nop
00001e85   GPIOPinTypeGPIOOutput
00001e97   GPIOPinTypeSSI
00001ea9   GPIOPinTypeTimer
00001ebb   GPIOPinTypeUART
00001ecd   TimerLoadSet
00001edf   TimerMatchSet
00001ef1   TimerPrescaleMatchSet
00001f03   TimerPrescaleSet
00001f15   __TI_zero_init
00001f27   TimerEnable
00001f35   __TI_decompress_none
00001f43   CPUcpsid
00001f4f   CPUcpsie
00001f5b   SSIDataGet
00001f67   UARTCharsAvail
00001f73   ResetISR
00001f7f   GPIOPinWrite
00001f89   IntMasterDisable
00001f93   IntMasterEnable
00001f9d   SSIDataPut
00001fa7   SSIEnable
00001fb1   UARTCharGet
00001fbb   UARTCharPut
00001fc5   UARTIntStatus
00001fcf   TimerIntEnable
00001fd7   UARTIntEnable
00001fdf   SysCtlDelay
00001fe5   __TI_decompress_rle24
00001feb   TimerIntClear
00001fef   UARTIntClear
0000219c   g_pcHex
000021d4   __TI_Handler_Table_Base
000021e0   __TI_Handler_Table_Limit
000021e8   __TI_CINIT_Base
000021f8   __TI_CINIT_Limit
20000000   __stack
20000100   __STACK_END
20000100   __STACK_TOP
20000100   qeis
2000010c   qeis_p
20000118   errs
20000124   pwm_pulse_widths
2000013c   goals
20000148   dirs
2000014e   enabled
20000154   errs_p
2000016c   integrals
20000184   Kp
2000019c   Ki
200001b4   Kd
200001cc   _lock
200001d0   _unlock
200001d4   _cleanup_ptr
200001d8   _dtors_ptr
200001dc   main_func_sp
200001e0   g_ulBase
200001e4   pccontrol_l2p
ffffffff   __binit__
ffffffff   __c_args__
ffffffff   binit
UNDEFED    SHT$$INIT_ARRAY$$Base
UNDEFED    SHT$$INIT_ARRAY$$Limit

[119 symbols]
