******************************************************************************
                  TMS470 Linker PC v4.9.5                      
******************************************************************************
>> Linked Sun Mar 10 15:29:43 2013

OUTPUT FILE NAME:   <delta_test_asserv3.out>
ENTRY POINT SYMBOL: "_c_int00"  address: 00001129


MEMORY CONFIGURATION

         name            origin    length      used     unused   attr    fill
----------------------  --------  ---------  --------  --------  ----  --------
  FLASH                 00000000   00020000  0000156c  0001ea94  R  X
  SRAM                  20000000   00008000  00000168  00007e98  RW X


SEGMENT ALLOCATION MAP

run origin  load origin   length   init length attrs members
----------  ----------- ---------- ----------- ----- -------
00000000    00000000    00001570   00001570    r-x
  00000000    00000000    0000026c   0000026c    r-- .intvecs
  0000026c    0000026c    00001144   00001144    r-x .text
  000013b0    000013b0    00000194   00000194    r-- .const
  00001548    00001548    00000028   00000028    r-- .cinit
20000000    20000000    00000100   00000000    rw-
  20000000    20000000    00000100   00000000    rw- .stack
20000100    20000100    00000068   00000068    rw-
  20000100    20000100    00000068   00000068    rw- .data


SECTION ALLOCATION MAP

 output                                  attributes/
section   page    origin      length       input sections
--------  ----  ----------  ----------   ----------------
.intvecs   0    00000000    0000026c     
                  00000000    0000026c     startup_ccs.obj (.intvecs)

.text      0    0000026c    00001144     
                  0000026c    000004e0     pwm.obj (.text)
                  0000074c    0000028c     control.obj (.text)
                  000009d8    000001d8     driverlib-cm4f.lib : sysctl.obj (.text:SysCtlClockGet)
                  00000bb0    0000013c                        : sysctl.obj (.text:SysCtlClockSet)
                  00000cec    000000c8                        : gpio.obj (.text:GPIOPadConfigSet)
                  00000db4    0000009c     rtsv7M4_T_le_v4SPD16_eabi.lib : memcpy_t2.obj (.text)
                  00000e50    00000094     driverlib-cm4f.lib : sysctl.obj (.text:SysCtlPeripheralReset)
                  00000ee4    00000094     rtsv7M4_T_le_v4SPD16_eabi.lib : auto_init.obj (.text)
                  00000f78    00000064     driverlib-cm4f.lib : interrupt.obj (.text:IntEnable)
                  00000fdc    0000005e     rtsv7M4_T_le_v4SPD16_eabi.lib : copy_decompress_rle.obj (.text)
                  0000103a    00000002     --HOLE-- [fill = 0]
                  0000103c    00000058     driverlib-cm4f.lib : sysctl.obj (.text:SysCtlPeripheralEnable)
                  00001094    0000004c     rtsv7M4_T_le_v4SPD16_eabi.lib : cpy_tbl.obj (.text)
                  000010e0    00000048     driverlib-cm4f.lib : gpio.obj (.text:GPIOPinConfigure)
                  00001128    00000048     rtsv7M4_T_le_v4SPD16_eabi.lib : boot.obj (.text)
                  00001170    00000044     driverlib-cm4f.lib : ssi.obj (.text:SSIConfigSetExpClk)
                  000011b4    00000044     rtsv7M4_T_le_v4SPD16_eabi.lib : exit.obj (.text)
                  000011f8    0000002e     driverlib-cm4f.lib : gpio.obj (.text:GPIODirModeSet)
                  00001226    00000002     --HOLE-- [fill = 0]
                  00001228    00000028                        : timer.obj (.text:TimerConfigure)
                  00001250    0000001c     main.obj (.text)
                  0000126c    00000018     rtsv7M4_T_le_v4SPD16_eabi.lib : _lock.obj (.text)
                  00001284    00000018                                   : args_main.obj (.text)
                  0000129c    00000012     driverlib-cm4f.lib : gpio.obj (.text:GPIOPinTypeGPIOOutput)
                  000012ae    00000012                        : gpio.obj (.text:GPIOPinTypeSSI)
                  000012c0    00000012                        : gpio.obj (.text:GPIOPinTypeTimer)
                  000012d2    00000012                        : timer.obj (.text:TimerLoadSet)
                  000012e4    00000012                        : timer.obj (.text:TimerMatchSet)
                  000012f6    00000012                        : timer.obj (.text:TimerPrescaleMatchSet)
                  00001308    00000012                        : timer.obj (.text:TimerPrescaleSet)
                  0000131a    0000000e                        : timer.obj (.text:TimerEnable)
                  00001328    0000000e     rtsv7M4_T_le_v4SPD16_eabi.lib : copy_decompress_none.obj (.text:decompress:none)
                  00001336    0000000c     driverlib-cm4f.lib : cpu.obj (.text:CPUcpsid)
                  00001342    0000000c                        : cpu.obj (.text:CPUcpsie)
                  0000134e    0000000c                        : ssi.obj (.text:SSIDataGet)
                  0000135a    0000000c     startup_ccs.obj (.text)
                  00001366    0000000a     driverlib-cm4f.lib : gpio.obj (.text:GPIOPinWrite)
                  00001370    0000000a                        : interrupt.obj (.text:IntMasterDisable)
                  0000137a    0000000a                        : interrupt.obj (.text:IntMasterEnable)
                  00001384    0000000a                        : ssi.obj (.text:SSIDataPut)
                  0000138e    0000000a                        : ssi.obj (.text:SSIEnable)
                  00001398    00000008                        : timer.obj (.text:TimerIntEnable)
                  000013a0    00000006                        : sysctl.obj (.text:SysCtlDelay)
                  000013a6    00000006     rtsv7M4_T_le_v4SPD16_eabi.lib : copy_decompress_rle.obj (.text:decompress:rle24)
                  000013ac    00000004     driverlib-cm4f.lib : timer.obj (.text:TimerIntClear)

.const     0    000013b0    00000194     
                  000013b0    00000078     driverlib-cm4f.lib : gpio.obj (.const:g_pulGPIOBaseAddrs)
                  00001428    00000070                        : interrupt.obj (.const)
                  00001498    0000006c                        : sysctl.obj (.const:g_pulXtals)
                  00001504    00000040                        : sysctl.obj (.const)

.cinit     0    00001548    00000028     
                  00001548    00000016     (.cinit..data.load) [load image, compression = rle]
                  0000155e    00000002     --HOLE-- [fill = 0]
                  00001560    00000008     (__TI_handler_table)
                  00001568    00000008     (__TI_cinit_table)

.stack     0    20000000    00000100     UNINITIALIZED
                  20000000    00000100     --HOLE--

.data      0    20000100    00000068     
                  20000100    00000054     control.obj (.data)
                  20000154    00000008     rtsv7M4_T_le_v4SPD16_eabi.lib : _lock.obj (.data)
                  2000015c    00000008                                   : exit.obj (.data)
                  20000164    00000004                                   : stkdepth_vars.obj (.data)


LINKER GENERATED COPY TABLES

__TI_cinit_table @ 00001568 records: 1, size/record: 8, table size: 8
	.data: load addr=00001548, load size=00000016 bytes, run addr=20000100, run size=00000068 bytes, compression=rle


LINKER GENERATED HANDLER TABLE

__TI_handler_table @ 00001560 records: 2, size/record: 4, table size: 8
	index: 0, handler: __TI_decompress_rle24
	index: 1, handler: __TI_decompress_none


GLOBAL SYMBOLS: SORTED ALPHABETICALLY BY Name 

address    name
--------   ----
000011b5   C$$EXIT
00001337   CPUcpsid
00001343   CPUcpsie
000011f9   GPIODirModeSet
00000ced   GPIOPadConfigSet
000010e1   GPIOPinConfigure
0000129d   GPIOPinTypeGPIOOutput
000012af   GPIOPinTypeSSI
000012c1   GPIOPinTypeTimer
00001367   GPIOPinWrite
00000f79   IntEnable
00001371   IntMasterDisable
0000137b   IntMasterEnable
0000135b   ResetISR
UNDEFED    SHT$$INIT_ARRAY$$Base
UNDEFED    SHT$$INIT_ARRAY$$Limit
00001171   SSIConfigSetExpClk
0000134f   SSIDataGet
00001385   SSIDataPut
0000138f   SSIEnable
000009d9   SysCtlClockGet
00000bb1   SysCtlClockSet
000013a1   SysCtlDelay
0000103d   SysCtlPeripheralEnable
00000e51   SysCtlPeripheralReset
000007a7   Timer0IntHandler
00001229   TimerConfigure
0000131b   TimerEnable
000013ad   TimerIntClear
00001399   TimerIntEnable
000012d3   TimerLoadSet
000012e5   TimerMatchSet
000012f7   TimerPrescaleMatchSet
00001309   TimerPrescaleSet
20000100   __STACK_END
00000100   __STACK_SIZE
20000100   __STACK_TOP
00001568   __TI_CINIT_Base
00001570   __TI_CINIT_Limit
00001560   __TI_Handler_Table_Base
00001568   __TI_Handler_Table_Limit
00000001   __TI_args_main
00000ee5   __TI_auto_init
00001329   __TI_decompress_none
000013a7   __TI_decompress_rle24
00000000   __TI_static_base__
00000db5   __aeabi_memcpy
00000db5   __aeabi_memcpy4
00000db5   __aeabi_memcpy8
ffffffff   __binit__
ffffffff   __c_args__
20000000   __stack
00001285   _args_main
00001129   _c_int00
2000015c   _cleanup_ptr
20000160   _dtors_ptr
20000154   _lock
00001279   _nop
00001273   _register_lock
0000126d   _register_unlock
20000158   _unlock
000011b9   abort
ffffffff   binit
0000026d   config_timer_for_pwm
000008d9   control
0000074d   control_init
00001095   copy_in
20000148   dirs
2000014e   enabled
20000118   errs
000011c1   exit
00000000   g_pfnVectors
2000013c   goals
00001251   main
20000164   main_func_sp
00000db5   memcpy
20000124   pwm_pulse_widths
20000100   qeis
2000010c   qeis_p
00000825   qeis_spi_read
000007b7   qeis_spi_reinit
000005ad   set_pwm


GLOBAL SYMBOLS: SORTED BY Symbol Address 

address    name
--------   ----
00000000   __TI_static_base__
00000000   g_pfnVectors
00000001   __TI_args_main
00000100   __STACK_SIZE
0000026d   config_timer_for_pwm
000005ad   set_pwm
0000074d   control_init
000007a7   Timer0IntHandler
000007b7   qeis_spi_reinit
00000825   qeis_spi_read
000008d9   control
000009d9   SysCtlClockGet
00000bb1   SysCtlClockSet
00000ced   GPIOPadConfigSet
00000db5   __aeabi_memcpy
00000db5   __aeabi_memcpy4
00000db5   __aeabi_memcpy8
00000db5   memcpy
00000e51   SysCtlPeripheralReset
00000ee5   __TI_auto_init
00000f79   IntEnable
0000103d   SysCtlPeripheralEnable
00001095   copy_in
000010e1   GPIOPinConfigure
00001129   _c_int00
00001171   SSIConfigSetExpClk
000011b5   C$$EXIT
000011b9   abort
000011c1   exit
000011f9   GPIODirModeSet
00001229   TimerConfigure
00001251   main
0000126d   _register_unlock
00001273   _register_lock
00001279   _nop
00001285   _args_main
0000129d   GPIOPinTypeGPIOOutput
000012af   GPIOPinTypeSSI
000012c1   GPIOPinTypeTimer
000012d3   TimerLoadSet
000012e5   TimerMatchSet
000012f7   TimerPrescaleMatchSet
00001309   TimerPrescaleSet
0000131b   TimerEnable
00001329   __TI_decompress_none
00001337   CPUcpsid
00001343   CPUcpsie
0000134f   SSIDataGet
0000135b   ResetISR
00001367   GPIOPinWrite
00001371   IntMasterDisable
0000137b   IntMasterEnable
00001385   SSIDataPut
0000138f   SSIEnable
00001399   TimerIntEnable
000013a1   SysCtlDelay
000013a7   __TI_decompress_rle24
000013ad   TimerIntClear
00001560   __TI_Handler_Table_Base
00001568   __TI_CINIT_Base
00001568   __TI_Handler_Table_Limit
00001570   __TI_CINIT_Limit
20000000   __stack
20000100   __STACK_END
20000100   __STACK_TOP
20000100   qeis
2000010c   qeis_p
20000118   errs
20000124   pwm_pulse_widths
2000013c   goals
20000148   dirs
2000014e   enabled
20000154   _lock
20000158   _unlock
2000015c   _cleanup_ptr
20000160   _dtors_ptr
20000164   main_func_sp
ffffffff   __binit__
ffffffff   __c_args__
ffffffff   binit
UNDEFED    SHT$$INIT_ARRAY$$Base
UNDEFED    SHT$$INIT_ARRAY$$Limit

[82 symbols]
