******************************************************************************
                  TMS470 Linker PC v4.9.5                      
******************************************************************************
>> Linked Sat Mar 02 01:10:39 2013

OUTPUT FILE NAME:   <spi_msp_test.out>
ENTRY POINT SYMBOL: "_c_int00"  address: 00000b19


MEMORY CONFIGURATION

         name            origin    length      used     unused   attr    fill
----------------------  --------  ---------  --------  --------  ----  --------
  FLASH                 00000000   00020000  00000df6  0001f20a  R  X
  SRAM                  20000000   00008000  00000148  00007eb8  RW X


SEGMENT ALLOCATION MAP

run origin  load origin   length   init length attrs members
----------  ----------- ---------- ----------- ----- -------
00000000    00000000    00000df8   00000df8    r-x
  00000000    00000000    00000c9a   00000c9a    r-x .text
  00000c9c    00000c9c    00000124   00000124    r-- .const
  00000dc0    00000dc0    00000038   00000038    r-- .cinit
20000000    20000000    00000134   00000000    rw-
  20000000    20000000    00000100   00000000    rw- .stack
  20000100    20000100    00000034   00000000    rw- .bss
20000134    20000134    00000014   00000014    rw-
  20000134    20000134    00000014   00000014    rw- .data


SECTION ALLOCATION MAP

 output                                  attributes/
section   page    origin      length       input sections
--------  ----  ----------  ----------   ----------------
.text      0    00000000    00000c9a     
                  00000000    000003cc     layer2p.obj (.text)
                  000003cc    000001d8     driverlib-cm4f.lib : sysctl.obj (.text:SysCtlClockGet)
                  000005a4    0000013c                        : sysctl.obj (.text:SysCtlClockSet)
                  000006e0    000000f4     main.obj (.text)
                  000007d4    000000c8     driverlib-cm4f.lib : gpio.obj (.text:GPIOPadConfigSet)
                  0000089c    0000009c     rtsv7M4_T_le_v4SPD16_eabi.lib : memcpy_t2.obj (.text)
                  00000938    00000094                                   : auto_init.obj (.text)
                  000009cc    0000005e                                   : copy_decompress_rle.obj (.text)
                  00000a2a    00000002     --HOLE-- [fill = 0]
                  00000a2c    00000058     driverlib-cm4f.lib : sysctl.obj (.text:SysCtlPeripheralEnable)
                  00000a84    0000004c     rtsv7M4_T_le_v4SPD16_eabi.lib : cpy_tbl.obj (.text)
                  00000ad0    00000048     driverlib-cm4f.lib : gpio.obj (.text:GPIOPinConfigure)
                  00000b18    00000048     rtsv7M4_T_le_v4SPD16_eabi.lib : boot.obj (.text)
                  00000b60    00000044     driverlib-cm4f.lib : ssi.obj (.text:SSIConfigSetExpClk)
                  00000ba4    00000044     rtsv7M4_T_le_v4SPD16_eabi.lib : exit.obj (.text)
                  00000be8    0000002e     driverlib-cm4f.lib : gpio.obj (.text:GPIODirModeSet)
                  00000c16    00000002     --HOLE-- [fill = 0]
                  00000c18    00000018     rtsv7M4_T_le_v4SPD16_eabi.lib : _lock.obj (.text)
                  00000c30    00000018                                   : args_main.obj (.text)
                  00000c48    00000012     driverlib-cm4f.lib : gpio.obj (.text:GPIOPinTypeSSI)
                  00000c5a    00000012     rtsv7M4_T_le_v4SPD16_eabi.lib : copy_zero_init.obj (.text:decompress:ZI)
                  00000c6c    0000000e                                   : copy_decompress_none.obj (.text:decompress:none)
                  00000c7a    0000000a     driverlib-cm4f.lib : ssi.obj (.text:SSIDataPut)
                  00000c84    0000000a                        : ssi.obj (.text:SSIEnable)
                  00000c8e    00000006                        : sysctl.obj (.text:SysCtlDelay)
                  00000c94    00000006     rtsv7M4_T_le_v4SPD16_eabi.lib : copy_decompress_rle.obj (.text:decompress:rle24)

.const     0    00000c9c    00000124     
                  00000c9c    00000078     driverlib-cm4f.lib : gpio.obj (.const:g_pulGPIOBaseAddrs)
                  00000d14    0000006c                        : sysctl.obj (.const:g_pulXtals)
                  00000d80    00000040                        : sysctl.obj (.const)

.cinit     0    00000dc0    00000038     
                  00000dc0    0000000f     (.cinit..data.load) [load image, compression = rle]
                  00000dcf    00000001     --HOLE-- [fill = 0]
                  00000dd0    0000000c     (__TI_handler_table)
                  00000ddc    00000004     --HOLE-- [fill = 0]
                  00000de0    00000008     (.cinit..bss.load) [load image, compression = zero_init]
                  00000de8    00000010     (__TI_cinit_table)

.stack     0    20000000    00000100     UNINITIALIZED
                  20000000    00000100     --HOLE--

.bss       0    20000100    00000034     UNINITIALIZED
                  20000100    00000034     main.obj (.bss:ctx)

.data      0    20000134    00000014     
                  20000134    00000008     rtsv7M4_T_le_v4SPD16_eabi.lib : _lock.obj (.data)
                  2000013c    00000008                                   : exit.obj (.data)
                  20000144    00000004                                   : stkdepth_vars.obj (.data)


LINKER GENERATED COPY TABLES

__TI_cinit_table @ 00000de8 records: 2, size/record: 8, table size: 16
	.data: load addr=00000dc0, load size=0000000f bytes, run addr=20000134, run size=00000014 bytes, compression=rle
	.bss: load addr=00000de0, load size=00000008 bytes, run addr=20000100, run size=00000034 bytes, compression=zero_init


LINKER GENERATED HANDLER TABLE

__TI_handler_table @ 00000dd0 records: 3, size/record: 4, table size: 12
	index: 0, handler: __TI_decompress_rle24
	index: 1, handler: __TI_decompress_none
	index: 2, handler: __TI_zero_init


GLOBAL SYMBOLS: SORTED ALPHABETICALLY BY Name 

address    name
--------   ----
00000ba5   C$$EXIT
00000be9   GPIODirModeSet
000007d5   GPIOPadConfigSet
00000ad1   GPIOPinConfigure
00000c49   GPIOPinTypeSSI
UNDEFED    SHT$$INIT_ARRAY$$Base
UNDEFED    SHT$$INIT_ARRAY$$Limit
00000b61   SSIConfigSetExpClk
00000c7b   SSIDataPut
00000c85   SSIEnable
000003cd   SysCtlClockGet
000005a5   SysCtlClockSet
00000c8f   SysCtlDelay
00000a2d   SysCtlPeripheralEnable
20000100   __STACK_END
00000100   __STACK_SIZE
20000100   __STACK_TOP
00000de8   __TI_CINIT_Base
00000df8   __TI_CINIT_Limit
00000dd0   __TI_Handler_Table_Base
00000ddc   __TI_Handler_Table_Limit
00000001   __TI_args_main
00000939   __TI_auto_init
00000c6d   __TI_decompress_none
00000c95   __TI_decompress_rle24
00000000   __TI_static_base__
00000c5b   __TI_zero_init
0000089d   __aeabi_memcpy
0000089d   __aeabi_memcpy4
0000089d   __aeabi_memcpy8
ffffffff   __binit__
ffffffff   __c_args__
20000000   __stack
00000c31   _args_main
00000b19   _c_int00
2000013c   _cleanup_ptr
20000140   _dtors_ptr
20000134   _lock
00000c25   _nop
00000c1f   _register_lock
00000c19   _register_unlock
20000138   _unlock
00000ba9   abort
ffffffff   binit
00000a85   copy_in
00000001   crc8_step
20000100   ctx
00000bb1   exit
000000cd   layer2p_ctx_init
000000ff   layer2p_receive
000000e5   layer2p_reset
00000335   layer2p_send
000002ff   layer2p_set_callback
00000311   layer2p_set_error_callback
00000323   layer2p_set_linksend_callback
000006f7   main
20000144   main_func_sp
0000089d   memcpy
000006e1   spi_transmit


GLOBAL SYMBOLS: SORTED BY Symbol Address 

address    name
--------   ----
00000000   __TI_static_base__
00000001   __TI_args_main
00000001   crc8_step
000000cd   layer2p_ctx_init
000000e5   layer2p_reset
000000ff   layer2p_receive
00000100   __STACK_SIZE
000002ff   layer2p_set_callback
00000311   layer2p_set_error_callback
00000323   layer2p_set_linksend_callback
00000335   layer2p_send
000003cd   SysCtlClockGet
000005a5   SysCtlClockSet
000006e1   spi_transmit
000006f7   main
000007d5   GPIOPadConfigSet
0000089d   __aeabi_memcpy
0000089d   __aeabi_memcpy4
0000089d   __aeabi_memcpy8
0000089d   memcpy
00000939   __TI_auto_init
00000a2d   SysCtlPeripheralEnable
00000a85   copy_in
00000ad1   GPIOPinConfigure
00000b19   _c_int00
00000b61   SSIConfigSetExpClk
00000ba5   C$$EXIT
00000ba9   abort
00000bb1   exit
00000be9   GPIODirModeSet
00000c19   _register_unlock
00000c1f   _register_lock
00000c25   _nop
00000c31   _args_main
00000c49   GPIOPinTypeSSI
00000c5b   __TI_zero_init
00000c6d   __TI_decompress_none
00000c7b   SSIDataPut
00000c85   SSIEnable
00000c8f   SysCtlDelay
00000c95   __TI_decompress_rle24
00000dd0   __TI_Handler_Table_Base
00000ddc   __TI_Handler_Table_Limit
00000de8   __TI_CINIT_Base
00000df8   __TI_CINIT_Limit
20000000   __stack
20000100   __STACK_END
20000100   __STACK_TOP
20000100   ctx
20000134   _lock
20000138   _unlock
2000013c   _cleanup_ptr
20000140   _dtors_ptr
20000144   main_func_sp
ffffffff   __binit__
ffffffff   __c_args__
ffffffff   binit
UNDEFED    SHT$$INIT_ARRAY$$Base
UNDEFED    SHT$$INIT_ARRAY$$Limit

[59 symbols]
