******************************************************************************
                  TMS470 Linker PC v4.9.5                      
******************************************************************************
>> Linked Sun Jan 27 21:24:46 2013

OUTPUT FILE NAME:   <testrien.out>
ENTRY POINT SYMBOL: "_c_int00"  address: 00001dd9


MEMORY CONFIGURATION

         name            origin    length      used     unused   attr    fill
----------------------  --------  ---------  --------  --------  ----  --------
  FLASH                 00000000   00040000  00002116  0003deea  R  X
  SRAM                  20000000   00008000  0000094c  000076b4  RW X


SEGMENT ALLOCATION MAP

run origin  load origin   length   init length attrs members
----------  ----------- ---------- ----------- ----- -------
00000000    00000000    0000211c   0000211c    r-x
  00000000    00000000    00001fea   00001fea    r-x .text
  00001ff0    00001ff0    000000d8   000000d8    r-- .const
  000020c8    000020c8    00000054   00000054    r-- .cinit
20000000    20000000    00000800   00000000    rw-
  20000000    20000000    00000800   00000000    rw- .stack
20000800    20000800    0000014c   0000014c    rw-
  20000800    20000800    0000014c   0000014c    rw- .data


SECTION ALLOCATION MAP

 output                                  attributes/
section   page    origin      length       input sections
--------  ----  ----------  ----------   ----------------
.text      0    00000000    00001fea     
                  00000000    000009b8     delta_calc.obj (.text)
                  000009b8    00000300     rtsv7M4_T_le_v4SPD16_eabi.lib : xsin.obj (.text)
                  00000cb8    00000228                                   : fmod.obj (.text)
                  00000ee0    000001b6                                   : fd_add_t2.obj (.text)
                  00001096    00000002                                   : _lock.obj (.text)
                  00001098    000001a8                                   : xatan.obj (.text)
                  00001240    00000174                                   : sqrt.obj (.text)
                  000013b4    00000170                                   : asin.obj (.text)
                  00001524    0000013c     driverlib-cm4f.lib : sysctl.obj (.text:SysCtlClockSet)
                  00001660    00000136     rtsv7M4_T_le_v4SPD16_eabi.lib : fd_div_t2.obj (.text)
                  00001796    000000fc                                   : fd_mul_t2.obj (.text)
                  00001892    00000002     --HOLE-- [fill = 0]
                  00001894    000000e0                                   : xdscale.obj (.text)
                  00001974    000000be                                   : xdnorm.obj (.text)
                  00001a32    0000009e     main.obj (.text)
                  00001ad0    0000009c     rtsv7M4_T_le_v4SPD16_eabi.lib : memcpy_t2.obj (.text)
                  00001b6c    00000094                                   : auto_init.obj (.text)
                  00001c00    0000007e                                   : fd_cmp_t2.obj (.text)
                  00001c7e    00000064                                   : xdunscal.obj (.text)
                  00001ce2    0000005e                                   : copy_decompress_rle.obj (.text)
                  00001d40    0000004c                                   : cpy_tbl.obj (.text)
                  00001d8c    0000004a                                   : fd_tos_t2.obj (.text)
                  00001dd6    00000002     --HOLE-- [fill = 0]
                  00001dd8    00000048                                   : boot.obj (.text)
                  00001e20    00000048                                   : fd_toi_t2.obj (.text)
                  00001e68    00000044                                   : exit.obj (.text)
                  00001eac    00000040                                   : signal.obj (.text)
                  00001eec    00000038                                   : fs_tod_t2.obj (.text)
                  00001f24    0000002e                                   : i_tofd_t2.obj (.text)
                  00001f52    00000026                                   : raise.obj (.text)
                  00001f78    00000020                                   : feraiseexcept.obj (.text)
                  00001f98    00000018                                   : args_main.obj (.text)
                  00001fb0    00000010     driverlib-cm4f.lib : fpu.obj (.text:FPUEnable)
                  00001fc0    00000010                        : fpu.obj (.text:FPULazyStackingEnable)
                  00001fd0    0000000e     rtsv7M4_T_le_v4SPD16_eabi.lib : copy_decompress_none.obj (.text:decompress:none)
                  00001fde    00000006     driverlib-cm4f.lib : sysctl.obj (.text:SysCtlDelay)
                  00001fe4    00000006     rtsv7M4_T_le_v4SPD16_eabi.lib : copy_decompress_rle.obj (.text:decompress:rle24)

.const     0    00001ff0    000000d8     
                  00001ff0    00000040     rtsv7M4_T_le_v4SPD16_eabi.lib : xatan.obj (.const:a$10)
                  00002030    00000038                                   : xatan.obj (.const)
                  00002068    00000030                                   : xsin.obj (.const:c$15)
                  00002098    00000030                                   : xsin.obj (.const:s$15)

.cinit     0    000020c8    00000054     
                  000020c8    00000041     (.cinit..data.load) [load image, compression = rle]
                  00002109    00000003     --HOLE-- [fill = 0]
                  0000210c    00000008     (__TI_handler_table)
                  00002114    00000008     (__TI_cinit_table)

.stack     0    20000000    00000800     UNINITIALIZED
                  20000000    00000800     --HOLE--

.data      0    20000800    0000014c     
                  20000800    000000b0     rtsv7M4_T_le_v4SPD16_eabi.lib : signal.obj (.data:sigtable$22)
                  200008b0    00000080                                   : xvalues.obj (.data)
                  20000930    00000008                                   : _lock.obj (.data)
                  20000938    00000008                                   : exit.obj (.data)
                  20000940    00000004                                   : errno.obj (.data)
                  20000944    00000004                                   : feraiseexcept.obj (.data)
                  20000948    00000004                                   : stkdepth_vars.obj (.data)


LINKER GENERATED COPY TABLES

__TI_cinit_table @ 00002114 records: 1, size/record: 8, table size: 8
	.data: load addr=000020c8, load size=00000041 bytes, run addr=20000800, run size=0000014c bytes, compression=rle


LINKER GENERATED HANDLER TABLE

__TI_handler_table @ 0000210c records: 2, size/record: 4, table size: 8
	index: 0, handler: __TI_decompress_rle24
	index: 1, handler: __TI_decompress_none


GLOBAL SYMBOLS: SORTED ALPHABETICALLY BY Name 

address    name
--------   ----
00001e69   C$$EXIT
00001fb1   FPUEnable
00001fc1   FPULazyStackingEnable
UNDEFED    SHT$$INIT_ARRAY$$Base
UNDEFED    SHT$$INIT_ARRAY$$Limit
00001525   SysCtlClockSet
00001fdf   SysCtlDelay
00001099   _Atan
200008e0   _Denorm
00001975   _Dnorm
00001895   _Dscale
00001c7f   _Dunscale
200008f0   _Eps
20000940   _Errno
20000944   _Fenv
20000900   _Hugeval
200008d0   _Inf
200008b0   _Nan
200008c0   _Rteps
000009b9   _Sin
20000910   _Snan
20000920   _Xbig
20000928   _Zero
20000800   __STACK_END
00000800   __STACK_SIZE
20000100   __STACK_TOP
00002114   __TI_CINIT_Base
0000211c   __TI_CINIT_Limit
0000210c   __TI_Handler_Table_Base
00002114   __TI_Handler_Table_Limit
00000001   __TI_args_main
00001b6d   __TI_auto_init
00001fd1   __TI_decompress_none
00001fe5   __TI_decompress_rle24
00000000   __TI_static_base__
00001c01   __aeabi_cdcmpeq
00001c01   __aeabi_cdcmple
00001d8d   __aeabi_d2f
00001e21   __aeabi_d2iz
00000eeb   __aeabi_dadd
00001661   __aeabi_ddiv
00001797   __aeabi_dmul
00000ee1   __aeabi_dsub
00001eed   __aeabi_f2d
00001f25   __aeabi_i2d
00001ad1   __aeabi_memcpy
00001ad1   __aeabi_memcpy4
00001ad1   __aeabi_memcpy8
ffffffff   __binit__
ffffffff   __c_args__
20000000   __stack
00001f99   _args_main
00001dd9   _c_int00
20000938   _cleanup_ptr
2000093c   _dtors_ptr
20000930   _lock
00001097   _nop
20000934   _unlock
00001e6d   abort
000013b5   asin
ffffffff   binit
00001d41   copy_in
00000001   delta_calc
00001e75   exit
00001f79   feraiseexcept
00000cb9   fmod
00001a33   main
20000948   main_func_sp
00001ad1   memcpy
00001f53   raise
00001ead   signal
00001241   sqrt


GLOBAL SYMBOLS: SORTED BY Symbol Address 

address    name
--------   ----
00000000   __TI_static_base__
00000001   __TI_args_main
00000001   delta_calc
00000800   __STACK_SIZE
000009b9   _Sin
00000cb9   fmod
00000ee1   __aeabi_dsub
00000eeb   __aeabi_dadd
00001097   _nop
00001099   _Atan
00001241   sqrt
000013b5   asin
00001525   SysCtlClockSet
00001661   __aeabi_ddiv
00001797   __aeabi_dmul
00001895   _Dscale
00001975   _Dnorm
00001a33   main
00001ad1   __aeabi_memcpy
00001ad1   __aeabi_memcpy4
00001ad1   __aeabi_memcpy8
00001ad1   memcpy
00001b6d   __TI_auto_init
00001c01   __aeabi_cdcmpeq
00001c01   __aeabi_cdcmple
00001c7f   _Dunscale
00001d41   copy_in
00001d8d   __aeabi_d2f
00001dd9   _c_int00
00001e21   __aeabi_d2iz
00001e69   C$$EXIT
00001e6d   abort
00001e75   exit
00001ead   signal
00001eed   __aeabi_f2d
00001f25   __aeabi_i2d
00001f53   raise
00001f79   feraiseexcept
00001f99   _args_main
00001fb1   FPUEnable
00001fc1   FPULazyStackingEnable
00001fd1   __TI_decompress_none
00001fdf   SysCtlDelay
00001fe5   __TI_decompress_rle24
0000210c   __TI_Handler_Table_Base
00002114   __TI_CINIT_Base
00002114   __TI_Handler_Table_Limit
0000211c   __TI_CINIT_Limit
20000000   __stack
20000100   __STACK_TOP
20000800   __STACK_END
200008b0   _Nan
200008c0   _Rteps
200008d0   _Inf
200008e0   _Denorm
200008f0   _Eps
20000900   _Hugeval
20000910   _Snan
20000920   _Xbig
20000928   _Zero
20000930   _lock
20000934   _unlock
20000938   _cleanup_ptr
2000093c   _dtors_ptr
20000940   _Errno
20000944   _Fenv
20000948   main_func_sp
ffffffff   __binit__
ffffffff   __c_args__
ffffffff   binit
UNDEFED    SHT$$INIT_ARRAY$$Base
UNDEFED    SHT$$INIT_ARRAY$$Limit

[72 symbols]
